ex1.h:15:6:RunExercise1	8	static
ex2.h:16:6:RunExercise2	8	static
ex3.h:14:6:RunExercise3	8	static
ex4.h:13:6:display0	8	static
ex4.h:23:6:display1	8	static
ex4.h:34:6:display2	8	static
ex4.h:45:6:display3	8	static
ex4.h:56:6:display4	8	static
ex4.h:67:6:display5	8	static
ex4.h:78:6:display6	8	static
ex4.h:89:6:display7	8	static
ex4.h:100:6:display8	8	static
ex4.h:110:6:display9	8	static
ex4.h:120:6:display7SEG	16	static
ex4.h:153:6:RunExercise4	8	static
ex5.h:16:6:RunExercise5	8	static
ex6.h:11:6:RunExercise6	8	static
ex7.h:11:6:turnOnAllClock	8	static
ex7.h:17:6:clearAllClock	8	static
ex7.h:23:6:RunExercise7	8	static
ex8.h:11:6:setNumberOnClock	16	static
ex8.h:86:6:RunExercise8	8	static
ex9.h:11:6:clearNumberOnClock	16	static
ex9.h:86:6:RunExercise9	8	static
ex10.h:15:6:runExercise10	8	static
main.c:73:5:main	8	static
main.c:126:6:SystemClock_Config	72	static
main.c:162:13:MX_GPIO_Init	32	static
main.c:212:6:Error_Handler	4	static,ignoring_inline_asm
