15:01:45 **** Incremental Build of configuration Debug for project LAB3 ****
make -j8 all 
arm-none-eabi-gcc "../Core/Src/main.c" -mcpu=cortex-m3 -std=gnu11 -g3 -DDEBUG -DUSE_HAL_DRIVER -DSTM32F103x6 -c -I../Core/Inc -I../Drivers/STM32F1xx_HAL_Driver/Inc -I../Drivers/STM32F1xx_HAL_Driver/Inc/Legacy -I../Drivers/CMSIS/Device/ST/STM32F1xx/Include -I../Drivers/CMSIS/Include -O0 -ffunction-sections -fdata-sections -Wall -fstack-usage -MMD -MP -MF"Core/Src/main.d" -MT"Core/Src/main.o" --specs=nano.specs -mfloat-abi=soft -mthumb -o "Core/Src/main.o"
arm-none-eabi-gcc "../Core/Src/trafficLights.c" -mcpu=cortex-m3 -std=gnu11 -g3 -DDEBUG -DUSE_HAL_DRIVER -DSTM32F103x6 -c -I../Core/Inc -I../Drivers/STM32F1xx_HAL_Driver/Inc -I../Drivers/STM32F1xx_HAL_Driver/Inc/Legacy -I../Drivers/CMSIS/Device/ST/STM32F1xx/Include -I../Drivers/CMSIS/Include -O0 -ffunction-sections -fdata-sections -Wall -fstack-usage -MMD -MP -MF"Core/Src/trafficLights.d" -MT"Core/Src/trafficLights.o" --specs=nano.specs -mfloat-abi=soft -mthumb -o "Core/Src/trafficLights.o"
arm-none-eabi-gcc "../Core/Src/update7seg.c" -mcpu=cortex-m3 -std=gnu11 -g3 -DDEBUG -DUSE_HAL_DRIVER -DSTM32F103x6 -c -I../Core/Inc -I../Drivers/STM32F1xx_HAL_Driver/Inc -I../Drivers/STM32F1xx_HAL_Driver/Inc/Legacy -I../Drivers/CMSIS/Device/ST/STM32F1xx/Include -I../Drivers/CMSIS/Include -O0 -ffunction-sections -fdata-sections -Wall -fstack-usage -MMD -MP -MF"Core/Src/update7seg.d" -MT"Core/Src/update7seg.o" --specs=nano.specs -mfloat-abi=soft -mthumb -o "Core/Src/update7seg.o"
arm-none-eabi-gcc -o "LAB3.elf" @"objects.list"   -mcpu=cortex-m3 -T"C:\Users\xjkpr\OneDrive\Desktop\nhi\HK241_ViXuLyViDKhien\LAB3\STM32F103C6UX_FLASH.ld" --specs=nosys.specs -Wl,-Map="LAB3.map" -Wl,--gc-sections -static --specs=nano.specs -mfloat-abi=soft -mthumb -Wl,--start-group -lc -lm -Wl,--end-group
Finished building target: LAB3.elf
 
arm-none-eabi-size   LAB3.elf 
arm-none-eabi-objdump -h -S  LAB3.elf  > "LAB3.list"
arm-none-eabi-objcopy  -O ihex  LAB3.elf  "LAB3.hex"
arm-none-eabi-objcopy  -O binary  LAB3.elf  "LAB3.bin"
   text	   data	    bss	    dec	    hex	filename
   8920	     36	   1692	  10648	   2998	LAB3.elf
Finished building: default.size.stdout
 
Finished building: LAB3.hex
Finished building: LAB3.bin
 
 
Finished building: LAB3.list
 
